====================================================================================================
Файл не сформирован!
В названии файла: "" неверно указан идентификатор фонда!
(проверьте название файла)
====================================================================================================

